// Jest Snapshot v1, https://goo.gl/fbAQLP

exports[`renders correctly 1`] = `
<View
  accessibilityComponentType={undefined}
  accessibilityLabel={undefined}
  accessibilityTraits={undefined}
  accessible={true}
  hitSlop={undefined}
  nativeID={undefined}
  onLayout={undefined}
  onResponderGrant={[Function]}
  onResponderMove={[Function]}
  onResponderRelease={[Function]}
  onResponderTerminate={[Function]}
  onResponderTerminationRequest={[Function]}
  onStartShouldSetResponder={[Function]}
  style={
    Object {
      "backgroundColor": "#fff",
      "flex": 1,
      "justifyContent": "space-between",
    }
  }
  testID={undefined}
>
  <View>
    <View
      style={
        Object {
          "margin": 20,
        }
      }
    >
      <Text
        accessible={true}
        allowFontScaling={true}
        disabled={false}
        ellipsizeMode="tail"
        style={
          Object {
            "color": "black",
            "fontFamily": "Montserrat-SemiBold",
            "fontSize": 28,
          }
        }
      />
    </View>
    <TextInput
      maxLength={100}
      onChangeText={[Function]}
      onEndEditing={[Function]}
      onSubmitEditing={[Function]}
      style={
        Object {
          "borderBottomColor": "black",
          "borderBottomWidth": 1,
          "fontFamily": "Montserrat-Regular",
          "fontSize": 24,
          "height": 50,
          "margin": 20,
        }
      }
      testID="name-input"
    />
  </View>
  <View
    keyboardVerticalOffset={64}
    onLayout={[Function]}
    style={
      Array [
        undefined,
        Object {
          "paddingBottom": 0,
        },
      ]
    }
  >
    <TouchableHighlight
      activeOpacity={0.85}
      disabled={false}
      onPress={[Function]}
      style={
        Object {
          "backgroundColor": "#55A838",
          "borderRadius": 10,
          "height": 45,
          "justifyContent": "center",
          "margin": 20,
        }
      }
      testID="name-submit-button"
      underlayColor="black"
    >
      <Text
        accessible={true}
        allowFontScaling={true}
        disabled={false}
        ellipsizeMode="tail"
        style={
          Object {
            "alignSelf": "center",
            "color": "white",
            "fontFamily": "Montserrat-Regular",
            "fontSize": 24,
          }
        }
      >
        Continue
      </Text>
    </TouchableHighlight>
  </View>
</View>
`;
